Assertion failed on expression: 'SUCCEEDED(hr)'
Assertion failed on expression: 'SUCCEEDED(hr)'
[Licensing::Module] Trying to connect to existing licensing client channel...
Built from '6000.3/staging' branch; Version is '6000.3.20f1 (c9ba695d4f07) revision 13220457'; Using compiler version '194234433'; Build Type 'Release'
[Licensing::IpcConnector] Successfully connected to: "LicenseClient-Pablo" at "2026-09-09T16:44:02.3645861Z"
OS: 'Windows 10  (10.0.19045) 64bit Professional' Language: 'es' Physical Memory: 32717 MB
BatchMode: 1, IsHumanControllingUs: 0, StartBugReporterOnCrash: 0, Is64bit: 1
System  architecture: x64
Process architecture: x64
Date: 2026-09-09T16:44:02Z

COMMAND LINE ARGUMENTS:
C:\Program Files\Unity\Hub\Editor\6000.3.20f1\Editor\Unity.exe
-batchmode
-projectPath
C:/UnityProyectosNOborrar/GDD - Untitled/Temp/BosquePreview
-executeMethod
BosqueRender.Run
-quit
-logFile
C:/UnityProyectosNOborrar/GDD - Untitled/output/ambiente-bosque/render.log
Successfully changed project path to: C:/UnityProyectosNOborrar/GDD - Untitled/Temp/BosquePreview
C:/UnityProyectosNOborrar/GDD - Untitled/Temp/BosquePreview
[UnityMemory] Configuration Parameters - Can be set up in boot.config
    "memorysetup-temp-allocator-size-nav-mesh-worker=65536"
    "memorysetup-temp-allocator-size-audio-worker=65536"
    "memorysetup-temp-allocator-size-gfx=262144"
    "memorysetup-allocator-temp-initial-block-size-main=262144"
    "memorysetup-allocator-temp-initial-block-size-worker=262144"
    "memorysetup-temp-allocator-size-background-worker=32768"
    "memorysetup-temp-allocator-size-job-worker=262144"
    "memorysetup-temp-allocator-size-preload-manager=33554432"
    "memorysetup-temp-allocator-size-gi-baking-worker=262144"
    "memorysetup-temp-allocator-size-gi-baking-worker=262144"
    "memorysetup-temp-allocator-size-gi-baking-worker=262144"
    "memorysetup-temp-allocator-size-gi-baking-worker=262144"
    "memorysetup-temp-allocator-size-gi-baking-worker=262144"
    "memorysetup-bucket-allocator-granularity=16"
    "memorysetup-bucket-allocator-bucket-count=8"
    "memorysetup-bucket-allocator-block-size=33554432"
    "memorysetup-bucket-allocator-block-count=8"
    "memorysetup-main-allocator-block-size=16777216"
    "memorysetup-thread-allocator-block-size=16777216"
    "memorysetup-gfx-main-allocator-block-size=16777216"
    "memorysetup-gfx-thread-allocator-block-size=16777216"
    "memorysetup-cache-allocator-block-size=4194304"
    "memorysetup-typetree-allocator-block-size=2097152"
    "memorysetup-profiler-bucket-allocator-granularity=16"
    "memorysetup-profiler-bucket-allocator-bucket-count=8"
    "memorysetup-profiler-bucket-allocator-block-size=33554432"
    "memorysetup-profiler-bucket-allocator-block-count=8"
    "memorysetup-profiler-allocator-block-size=16777216"
    "memorysetup-profiler-editor-allocator-block-size=1048576"
    "memorysetup-temp-allocator-size-main=16777216"
    "memorysetup-job-temp-allocator-block-size=2097152"
    "memorysetup-job-temp-allocator-block-size-background=1048576"
    "memorysetup-job-temp-allocator-reduction-small-platforms=262144"
    "memorysetup-temp-allocator-size-cloud-worker=32768"
Player connection [32576]  Target information:

Player connection [32576]  * "[IP] 192.168.100.6 [Port] 55505 [Flags] 2 [Guid] 3902118704 [EditorId] 3902118704 [Version] 1048832 [Id] WindowsEditor(7,DESKTOP-IAS7GE8) [Debug] 1 [PackageName] WindowsEditor [ProjectName] Editor" 

Player connection [32576]  * "[IP] 192.168.193.7 [Port] 55505 [Flags] 2 [Guid] 3902118704 [EditorId] 3902118704 [Version] 1048832 [Id] WindowsEditor(7,DESKTOP-IAS7GE8) [Debug] 1 [PackageName] WindowsEditor [ProjectName] Editor" 

Player connection [32576] Host joined multi-casting on [225.0.0.222:54997]...
Player connection [32576] Host joined alternative multi-casting on [225.0.0.222:34997]...
Input System module state changed to: Initialized.
[Physics::Module] Initialized fallback backend.
[Physics::Module] Id: 0xdecafbad
[Licensing::Client] Code 10 while verifying Licensing Client signature (process Id: 20652, path: "C:/Program Files/Unity Hub/UnityLicensingClient_V1/Unity.Licensing.Client.exe")
[Licensing::Module] LicensingClient has failed validation; ignoring
[Licensing::Client] Handshaking with LicensingClient:
  Version:                 1.18.3+d7ffd15
  Session Id:              2498bb21a1024f9486784e2ee43f81ed
  Correlation Id:          8b06f6eeb886d2764bcd03c118c25fa5
  External correlation Id: 3583833849357515385
  Machine Id:              s2vqK+FirQPpy6L4elJAoHlXiTM=
[Licensing::Module] Successfully connected to LicensingClient on channel: "LicenseClient-Pablo" (connect: 0.00s, validation: 0.00s, handshake: 0.08s)
[Licensing::IpcConnector] Successfully connected to: "LicenseClient-Pablo-notifications" at "2026-09-09T16:44:02.4464787Z"
[Licensing::Module] Error: Access token is unavailable; failed to update
[Licensing::Client] Successfully resolved entitlement details
[Licensing::Module] License group:
  Id: F4-AUGU-9VX5-WU58-JJSY-XXXX
  Product: Unity Personal
  Type: ULF
  Expiration: Unlimited
[Licensing::Client] Successfully updated license, isAsync: True, time: 0.00
[Licensing::Client] Successfully resolved entitlement details
[Licensing::Module] Licensing Background thread has ended after 0.10s
[Package Manager] Connected to IPC stream "Upm-30096" after 0.4 seconds.
[Licensing::Client] Successfully resolved entitlement details
Library Redirect Path: Library/
[Physics::Module] Selected backend.
[Physics::Module] Name: PhysX
[Physics::Module] Id: 0xf2b8ea05
[Physics::Module] SDK Version: 4.1.2
[Physics::Module] Integration Version: 1.0.0
[Physics::Module] Threading Mode: Multi-Threaded
Artifact Garbage Collection - Removed 2 unused hashed content files
Refreshing native plugins compatible for Editor in 0.00 ms, found 0 plugins.
Preloading 0 native plugins for Editor in 0.00 ms.
Initialize engine version: 6000.3.20f1 (c9ba695d4f07)
[Subsystems] Discovering subsystems at path C:/Program Files/Unity/Hub/Editor/6000.3.20f1/Editor/Data/Resources/UnitySubsystems
[Subsystems] Discovering subsystems at path C:/UnityProyectosNOborrar/GDD - Untitled/Temp/BosquePreview/Assets
GfxDevice: creating device client; kGfxThreadingModeNonThreaded
Direct3D:
    Version:  Direct3D 11.0 [level 11.1]
    Renderer: NVIDIA GeForce RTX 2060 (ID=0x1f08)
    Vendor:   NVIDIA
    VRAM:     5954 MB
    Driver:   32.0.15.9579
Initialize mono
Mono path[0] = 'C:/Program Files/Unity/Hub/Editor/6000.3.20f1/Editor/Data/Managed'
Mono path[1] = 'C:/Program Files/Unity/Hub/Editor/6000.3.20f1/Editor/Data/MonoBleedingEdge/lib/mono/unityjit-win32'
Mono config path = 'C:/Program Files/Unity/Hub/Editor/6000.3.20f1/Editor/Data/MonoBleedingEdge/etc'
Using monoOptions --debugger-agent=transport=dt_socket,embedding=1,server=y,suspend=n,address=127.0.0.1:56096
Using cacheserver namespaces - metadata:defaultmetadata, artifacts:defaultartifacts
Using cacheserver namespaces - metadata:defaultmetadata, artifacts:defaultartifacts
ImportWorker Server TCP listen port: 0
AcceleratorClientConnectionCallback - disconnected - :0
Begin MonoManager ReloadAssembly
Registering precompiled unity dll's ...
Register platform support module: C:/Program Files/Unity/Hub/Editor/6000.3.20f1/Editor/Data/PlaybackEngines/WindowsStandaloneSupport/UnityEditor.WindowsStandalone.Extensions.dll
Registered in 0.004442 seconds.
- Loaded All Assemblies, in  0.927 seconds
Native extension for WindowsStandalone target not found
Package Manager log level set to [2]
ScheduleIndexationOnStartup MainProcess:False IndexOnStartup:False
Mono: successfully reloaded assembly
- Finished resetting the current domain, in  0.752 seconds
Domain Reload Profiling: 1666ms
	BeginReloadAssembly (266ms)
		ExecutionOrderSort (0ms)
		DisableScriptedObjects (0ms)
		BackupInstance (0ms)
		ReleaseScriptingObjects (0ms)
		CreateAndSetChildDomain (7ms)
	RebuildCommonClasses (77ms)
	RebuildNativeTypeToScriptingClass (25ms)
	initialDomainReloadingComplete (125ms)
	LoadAllAssembliesAndSetupDomain (420ms)
		LoadAssemblies (254ms)
		RebuildTransferFunctionScriptingTraits (0ms)
		AnalyzeDomain (410ms)
			TypeCache.Refresh (408ms)
				TypeCache.ScanAssembly (377ms)
			BuildScriptInfoCaches (0ms)
			ResolveRequiredComponents (1ms)
	FinalizeReload (753ms)
		ReleaseScriptCaches (0ms)
		RebuildScriptCaches (0ms)
		SetupLoadedEditorAssemblies (677ms)
			LogAssemblyErrors (0ms)
			InitializePlatformSupportModulesInManaged (96ms)
			SetLoadedEditorAssemblies (7ms)
			BeforeProcessingInitializeOnLoad (154ms)
			ProcessInitializeOnLoadAttributes (264ms)
			ProcessInitializeOnLoadMethodAttributes (155ms)
			AfterProcessingInitializeOnLoad (0ms)
			EditorAssembliesLoaded (0ms)
		ExecutionOrderSort2 (0ms)
		AwakeInstancesAfterBackupRestoration (0ms)
[Licensing::Client] Successfully resolved entitlement details
Application.AssetDatabase Initial Refresh Start
[Package Manager] Restoring resolved packages state from cache
[Licensing::Client] Successfully resolved entitlement details
[Package Manager] Registered 4 packages:
  Built-in packages:
    com.unity.modules.particlesystem@1.0.0 (location: C:\UnityProyectosNOborrar\GDD - Untitled\Temp\BosquePreview\Library\PackageCache\com.unity.modules.particlesystem)
    com.unity.modules.physics@1.0.0 (location: C:\UnityProyectosNOborrar\GDD - Untitled\Temp\BosquePreview\Library\PackageCache\com.unity.modules.physics)
    com.unity.modules.imageconversion@1.0.0 (location: C:\UnityProyectosNOborrar\GDD - Untitled\Temp\BosquePreview\Library\PackageCache\com.unity.modules.imageconversion)
    com.unity.modules.audio@1.0.0 (location: C:\UnityProyectosNOborrar\GDD - Untitled\Temp\BosquePreview\Library\PackageCache\com.unity.modules.audio)
[Subsystems] No new subsystems found in resolved package list.
[Package Manager] Done registering packages in 0.01 seconds
[Package Manager] Done resolving packages in 0.45 seconds
[Licensing::Client] Successfully resolved entitlement details
[Package Manager] Registered 4 packages:
  Built-in packages:
    com.unity.modules.particlesystem@1.0.0 (location: C:\UnityProyectosNOborrar\GDD - Untitled\Temp\BosquePreview\Library\PackageCache\com.unity.modules.particlesystem)
    com.unity.modules.physics@1.0.0 (location: C:\UnityProyectosNOborrar\GDD - Untitled\Temp\BosquePreview\Library\PackageCache\com.unity.modules.physics)
    com.unity.modules.imageconversion@1.0.0 (location: C:\UnityProyectosNOborrar\GDD - Untitled\Temp\BosquePreview\Library\PackageCache\com.unity.modules.imageconversion)
    com.unity.modules.audio@1.0.0 (location: C:\UnityProyectosNOborrar\GDD - Untitled\Temp\BosquePreview\Library\PackageCache\com.unity.modules.audio)
[Subsystems] No new subsystems found in resolved package list.
[Package Manager] Done registering packages in 0.00 seconds
[ScriptCompilation] Requested script compilation because: Assetdatabase observed changes in script compilation related files
Starting: C:\Program Files\Unity\Hub\Editor\6000.3.20f1\Editor\Data\Tools\BuildPipeline\bee_backend.exe --ipc --defer-dag-verification --dagfile="Library/Bee/1900b0aE.dag" --continue-on-failure --profile="Library/Bee/backend1.traceevents" ScriptAssemblies
WorkingDir: C:/UnityProyectosNOborrar/GDD - Untitled/Temp/BosquePreview
DisplayProgressbar: Compiling Scripts
ExitCode: 0 Duration: 0s906ms
[149/155    0s] Csc Library/Bee/artifacts/1900b0aE.dag/Assembly-CSharp.dll (+2 others)
[150/155    0s] CopyFiles Library/ScriptAssemblies/Assembly-CSharp.pdb
[151/155    0s] CopyFiles Library/ScriptAssemblies/Assembly-CSharp.dll
[152/155    0s] Csc Library/Bee/artifacts/1900b0aE.dag/Assembly-CSharp-Editor.dll (+2 others)
[153/155    0s] CopyFiles Library/ScriptAssemblies/Assembly-CSharp-Editor.pdb
[154/155    0s] CopyFiles Library/ScriptAssemblies/Assembly-CSharp-Editor.dll
*** Tundra build success (0.81 seconds), 6 items updated, 155 evaluated
AssetDatabase: script compilation time: 3.760982s
Begin MonoManager ReloadAssembly
- Loaded All Assemblies, in  0.833 seconds
Refreshing native plugins compatible for Editor in 0.00 ms, found 0 plugins.
Native extension for WindowsStandalone target not found
ScheduleIndexationOnStartup MainProcess:True IndexOnStartup:True
Mono: successfully reloaded assembly
- Finished resetting the current domain, in  0.847 seconds
Domain Reload Profiling: 1669ms
	BeginReloadAssembly (527ms)
		ExecutionOrderSort (0ms)
		DisableScriptedObjects (49ms)
		BackupInstance (0ms)
		ReleaseScriptingObjects (0ms)
		CreateAndSetChildDomain (178ms)
	RebuildCommonClasses (77ms)
	RebuildNativeTypeToScriptingClass (31ms)
	initialDomainReloadingComplete (52ms)
	LoadAllAssembliesAndSetupDomain (135ms)
		LoadAssemblies (332ms)
		RebuildTransferFunctionScriptingTraits (0ms)
		AnalyzeDomain (12ms)
			TypeCache.Refresh (7ms)
				TypeCache.ScanAssembly (1ms)
			BuildScriptInfoCaches (1ms)
			ResolveRequiredComponents (1ms)
	FinalizeReload (848ms)
		ReleaseScriptCaches (0ms)
		RebuildScriptCaches (0ms)
		SetupLoadedEditorAssemblies (581ms)
			LogAssemblyErrors (0ms)
			InitializePlatformSupportModulesInManaged (47ms)
			SetLoadedEditorAssemblies (4ms)
			BeforeProcessingInitializeOnLoad (231ms)
			ProcessInitializeOnLoadAttributes (207ms)
			ProcessInitializeOnLoadMethodAttributes (75ms)
			AfterProcessingInitializeOnLoad (17ms)
			EditorAssembliesLoaded (0ms)
		ExecutionOrderSort2 (0ms)
		AwakeInstancesAfterBackupRestoration (44ms)
Start importing Assets/Resources/LlamaInicial.prefab using Guid(227831ddb024dea47a5202856bf7aa51) (PrefabImporter) -> (artifact id: '8ffdde0de768606e23c15998ca75325d') in 0.0592545 seconds
Refreshing native plugins compatible for Editor in 0.00 ms, found 0 plugins.
Preloading 0 native plugins for Editor in 0.00 ms.
Asset Pipeline Refresh (id=2ea1945a0821156489a24197caf871df): Total: 6.287 seconds - Initiated by InitialRefreshV2(ForceSynchronousImport)
	Summary:
		Imports: total=1 (actual=1, local cache=0, cache server=0)
		Asset DB Process Time: managed=5 ms, native=1091 ms
		Asset DB Callback time: managed=97 ms, native=474 ms
		Scripting: domain reloads=1, domain reload time=833 ms, compile time=3765 ms, other=19 ms
		Project Asset Count: scripts=33, non-scripts=23
		Asset File Changes: new=1, changed=3, moved=0, deleted=0
		Scan Filter Count: 0
	InvokeCustomDependenciesCallbacks: 0.002ms
	InvokePackagesCallback: 477.508ms
	ApplyChangesToAssetFolders: 0.437ms
	Scan: 60.398ms
	OnSourceAssetsModified: 1.507ms
	CategorizeAssetsWithTransientArtifact: 0.107ms
	ProcessAssetsWithTransientArtifactChanges: 0.718ms
	CategorizeAssets: 0.607ms
	ImportOutOfDateAssets: 912.896ms (-2915.474ms without children)
		ImportManagerImport: 62.785ms (3.022ms without children)
			ImportInProcess: 59.719ms
			UpdateCategorizedAssets: 0.044ms
		CompileScripts: 3765.052ms
		ReloadNativeAssets: 0.001ms
		UnloadImportedAssets: 0.260ms
		ReloadImportedAssets: 0.000ms
		EnsureUptoDateAssetsAreRegisteredWithGuidPM: 0.019ms
		InitializingProgressBar: 0.009ms
		PostProcessAllAssetNotificationsAddChangedAssets: 0.001ms
		OnDemandSchedulerStart: 0.243ms
	PostProcessAllAssets: 95.677ms
	Hotreload: 1.578ms
	GatherAllCurrentPrimaryArtifactRevisions: 0.006ms
	UnloadStreamsBegin: 2.529ms
	PersistCurrentRevisions: 0.069ms
	UnloadStreamsEnd: 0.002ms
	GenerateScriptTypeHashes: 0.002ms
	Untracked: 4733.380ms

Application.AssetDatabase Initial Refresh End
Launched and connected shader compiler UnityShaderCompiler.exe after 0.02 seconds
Scanning for USB devices : 7.206ms
Initializing Unity extensions:
[MODES] ModeService[none].Initialize
[MODES] ModeService[none].LoadModes
[MODES] Loading mode Default (0) for mode-current-id-The Black Breath
Unloading 3 Unused Serialized files (Serialized files now loaded: 0)
Unloading 17 unused Assets / (506.5 KB). Loaded Objects now: 648.
Memory consumption went from 90.8 MB to 90.3 MB.
Total: 9.760600 ms (FindLiveObjects: 0.067200 ms CreateObjectMapping: 0.007300 ms MarkObjects: 9.373000 ms  DeleteObjects: 0.311700 ms)

Unloading 0 Unused Serialized files (Serialized files now loaded: 0)
Unloading 0 unused Assets / (Unknown). Loaded Objects now: 648.
Memory consumption went from 90.3 MB to 90.3 MB.
Total: 7.569600 ms (FindLiveObjects: 0.055800 ms CreateObjectMapping: 0.004700 ms MarkObjects: 7.500400 ms  DeleteObjects: 0.007200 ms)

OK Shader BosqueArdienteSuelo
OK Shader BosqueArdienteAmbiente
OK Ambiente creado
OK RNG de juego intacto al preparar
OK Material original sin mutacion
OK Llamas incluidas: Decorador generado (14)
OK Llamas incluidas: Bosque inicial (11)
OK Preparar dos veces no duplica
OK RNG de juego intacto al animar
OK Posiciones iniciales y generadas intactas
OK Reloj respeta dt cero
OK Ambiente limpio al salir de campaña
Assertion failed on expression: 'SUCCEEDED(hr)'
Assertion failed on expression: 'SUCCEEDED(hr)'
Batchmode quit successfully invoked - shutting down!
[Physics::Module] Cleanup current backend.
[Physics::Module] Id: 0xf2b8ea05
Input System module state changed to: ShutdownInProgress.
Input System polling thread exited.
Input System module state changed to: Shutdown.
[Licensing::IpcConnector] LicenseClient-Pablo-notifications channel disconnected successfully.
[Licensing::IpcConnector] LicenseClient-Pablo channel disconnected successfully.
AcceleratorClientConnectionCallback - disconnected - :0
Cleanup mono
Exiting batchmode successfully now!
Exiting without the bug reporter. Application will terminate with return code 0